(() . #\h)
Expected | line ["\n|\n"] after token, got: "ell"
